// Vitest Snapshot v1

exports[`About renders a snapshot properly 1`] = `
<div
  className="App"
>
  <header
    className="App-header"
  >
    <img
      alt="logo"
      className="App-logo"
      src="/src/logo.svg"
    />
    <p>
      Hello Vite + React!
    </p>
    <p>
      <button
        onClick={[Function]}
        type="button"
      >
        count is: 
        0
      </button>
    </p>
    <p>
      Edit 
      <code>
        App.jsx
      </code>
       and save to test HMR updates.
    </p>
    <p>
      <a
        className="App-link"
        href="https://reactjs.org"
        rel="noopener noreferrer"
        target="_blank"
      >
        Learn React
      </a>
       | 
      <a
        className="App-link"
        href="https://vitejs.dev/guide/features.html"
        rel="noopener noreferrer"
        target="_blank"
      >
        Vite Docs
      </a>
    </p>
    <p>
      Reminder: Add vitest config and sample test 
    </p>
  </header>
</div>
`;
